src/App.tsx(1,1): error TS6133: 'React' is declared but its value is never read.
src/App.tsx(11,26): error TS2307: Cannot find module './pages/modules/BrandVisuals' or its corresponding type declarations.
src/components/chat/FloatingChatbot.tsx(77,52): error TS2322: Type '{ children: string; className: string; }' is not assignable to type 'IntrinsicAttributes & Readonly<Options>'.
  Property 'className' does not exist on type 'IntrinsicAttributes & Readonly<Options>'.
src/components/layout/DashboardLayout.tsx(1,1): error TS6133: 'React' is declared but its value is never read.
src/components/layout/Sidebar.tsx(1,1): error TS6192: All imports in import declaration are unused.
src/components/layout/Sidebar.tsx(4,53): error TS6133: 'MessageSquare' is declared but its value is never read.
src/components/layout/Sidebar.tsx(4,77): error TS6133: 'Settings' is declared but its value is never read.
src/pages/Landing.tsx(1,1): error TS6133: 'React' is declared but its value is never read.
src/pages/modules/Competitors.tsx(1,1): error TS6133: 'React' is declared but its value is never read.
src/pages/modules/FundingMatcher.tsx(1,1): error TS6133: 'React' is declared but its value is never read.
src/pages/modules/MarketingKit.tsx(1,1): error TS6133: 'React' is declared but its value is never read.
src/pages/modules/MarketResearch.tsx(1,1): error TS6133: 'React' is declared but its value is never read.
src/pages/modules/WebsiteBuilder.tsx(1,8): error TS6133: 'React' is declared but its value is never read.
src/services/ai.ts(118,43): error TS6133: 'apiKey' is declared but its value is never read.
src/services/ai.ts(118,59): error TS6133: 'project' is declared but its value is never read.
